// Jest Snapshot v1, https://goo.gl/fbAQLP

exports[`Button Snapshot Tests should match snapshot for button with custom style 1`] = `null`;

exports[`Button Snapshot Tests should match snapshot for disabled button 1`] = `null`;

exports[`Button Snapshot Tests should match snapshot for primary button 1`] = `null`;

exports[`Button Snapshot Tests should match snapshot for secondary button 1`] = `null`;
